Java HotSpot(TM) Client VM (25.202-b08) for windows-x86 JRE (1.8.0_202-b08), built on Dec 15 2018 20:01:43 by "java_re" with MS VC++ 10.0 (VS2010)
Memory: 4k page, physical 8299184k(2364000k free), swap 16596532k(9771940k free)
CommandLine flags: -XX:-BytecodeVerificationLocal -XX:-BytecodeVerificationRemote -XX:+HeapDumpOnOutOfMemoryError -XX:InitialHeapSize=1073741824 -XX:+ManagementServer -XX:MaxHeapSize=1073741824 -XX:NewRatio=4 -XX:OldPLABSize=16 -XX:+PrintGC -XX:+PrintGCDetails -XX:+PrintGCTimeStamps -XX:SurvivorRatio=4 -XX:TieredStopAtLevel=1 -XX:+UseConcMarkSweepGC -XX:-UseLargePagesIndividualAllocation -XX:+UseParNewGC 
8.551: [GC (CMS Initial Mark) [1 CMS-initial-mark: 0K(838912K)] 120229K(1013632K), 0.0968143 secs] [Times: user=0.06 sys=0.00, real=0.10 secs] 
8.648: [CMS-concurrent-mark-start]
8.682: [CMS-concurrent-mark: 0.034/0.034 secs] [Times: user=0.03 sys=0.02, real=0.03 secs] 
8.682: [CMS-concurrent-preclean-start]
8.685: [CMS-concurrent-preclean: 0.002/0.002 secs] [Times: user=0.00 sys=0.00, real=0.00 secs] 
8.685: [CMS-concurrent-abortable-preclean-start]
9.689: [GC (Allocation Failure) 9.689: [ParNew9.737: [CMS-concurrent-abortable-preclean: 0.039/1.052 secs] [Times: user=0.26 sys=0.11, real=1.05 secs] 
: 139776K->14360K(174720K), 0.0573079 secs] 139776K->14360K(1013632K), 0.0573868 secs] [Times: user=0.03 sys=0.00, real=0.06 secs] 
9.746: [GC (CMS Final Remark) [YG occupancy: 14360 K (174720 K)]9.746: [Rescan (parallel) , 0.0065411 secs]9.753: [weak refs processing, 0.0000250 secs]9.753: [class unloading, 0.0015747 secs]9.755: [scrub symbol table, 0.0034952 secs]9.758: [scrub string table, 0.0001584 secs][1 CMS-remark: 0K(838912K)] 14360K(1013632K), 0.0121340 secs] [Times: user=0.02 sys=0.00, real=0.01 secs] 
9.759: [CMS-concurrent-sweep-start]
9.759: [CMS-concurrent-sweep: 0.000/0.000 secs] [Times: user=0.00 sys=0.00, real=0.00 secs] 
9.759: [CMS-concurrent-reset-start]
9.762: [CMS-concurrent-reset: 0.003/0.003 secs] [Times: user=0.03 sys=0.00, real=0.00 secs] 
15.776: [GC (Allocation Failure) 15.776: [ParNew: 154136K->19004K(174720K), 0.0371428 secs] 154136K->19004K(1013632K), 0.0372169 secs] [Times: user=0.06 sys=0.00, real=0.04 secs] 
19.812: [GC (CMS Initial Mark) [1 CMS-initial-mark: 0K(838912K)] 93309K(1013632K), 0.0291028 secs] [Times: user=0.05 sys=0.00, real=0.03 secs] 
19.841: [CMS-concurrent-mark-start]
19.857: [CMS-concurrent-mark: 0.016/0.016 secs] [Times: user=0.01 sys=0.00, real=0.02 secs] 
19.857: [CMS-concurrent-preclean-start]
19.860: [CMS-concurrent-preclean: 0.003/0.003 secs] [Times: user=0.00 sys=0.00, real=0.00 secs] 
19.860: [CMS-concurrent-abortable-preclean-start]
 CMS: abort preclean due to time 24.892: [CMS-concurrent-abortable-preclean: 1.943/5.033 secs] [Times: user=1.86 sys=0.00, real=5.03 secs] 
24.893: [GC (CMS Final Remark) [YG occupancy: 93775 K (174720 K)]24.893: [Rescan (parallel) , 0.0321915 secs]24.925: [weak refs processing, 0.0000370 secs]24.925: [class unloading, 0.0040316 secs]24.929: [scrub symbol table, 0.0092291 secs]24.938: [scrub string table, 0.0003784 secs][1 CMS-remark: 0K(838912K)] 93775K(1013632K), 0.0464496 secs] [Times: user=0.09 sys=0.00, real=0.05 secs] 
24.939: [CMS-concurrent-sweep-start]
24.939: [CMS-concurrent-sweep: 0.000/0.000 secs] [Times: user=0.00 sys=0.00, real=0.00 secs] 
24.939: [CMS-concurrent-reset-start]
24.943: [CMS-concurrent-reset: 0.003/0.003 secs] [Times: user=0.02 sys=0.00, real=0.00 secs] 
103.613: [GC (Allocation Failure) 103.614: [ParNew: 158780K->24733K(174720K), 0.0783051 secs] 158780K->29550K(1013632K), 0.0784207 secs] [Times: user=0.19 sys=0.00, real=0.08 secs] 
